<?xml version="1.0" encoding="UTF-8"?>
<TestRun id="0246fb3c-8f09-4858-9655-0e80142ccaf5" name="@osl-m-alhe 2018-03-28 11:33:48" xmlns="http://microsoft.com/schemas/VisualStudio/TeamTest/2010">
  <Times creation="2018-03-28T11:33:48.9333840+02:00" queuing="2018-03-28T11:33:48.9334040+02:00" start="2018-03-28T11:33:46.4571800+02:00" finish="2018-03-28T11:33:49.1765210+02:00" />
  <TestSettings name="default" id="cf4c7b7c-210d-46fa-bd3d-2ab7918221a7">
    <Deployment runDeploymentRoot="_osl-m-alhe_2018-03-28_11_33_48" />
  </TestSettings>
  <Results>
    <UnitTestResult executionId="245b9f73-19bc-4183-881a-59697b7e00c4" testId="ad2e5eaf-27c0-4c89-9a06-0c39198c2fb4" testName="YoloDev.AspNetCore.Assets.Test.AssetPathNormalizerTest.ReturnsLowerCaseVariantOfPath" computerName="osl-m-alhe" duration="00:00:00.0170000" startTime="2018-03-28T11:33:48.5455580+02:00" endTime="2018-03-28T11:33:48.5455640+02:00" testType="13cdc9d9-ddb5-4fa4-a97d-d965ccfc6d4b" outcome="Passed" testListId="8c84fa94-04c1-424b-9868-57a2d4851a1d" relativeResultsDirectory="245b9f73-19bc-4183-881a-59697b7e00c4" />
    <UnitTestResult executionId="9bff0949-1777-40c3-851f-9169d5d8b3c2" testId="13b9dffd-031d-46a0-a7cc-38d2e61815a5" testName="YoloDev.AspNetCore.Assets.Test.AssetManifestTest.ResolveReturnsAssetPathIfFound" computerName="osl-m-alhe" duration="00:00:00.0320000" startTime="2018-03-28T11:33:48.5596410+02:00" endTime="2018-03-28T11:33:48.5596440+02:00" testType="13cdc9d9-ddb5-4fa4-a97d-d965ccfc6d4b" outcome="Passed" testListId="8c84fa94-04c1-424b-9868-57a2d4851a1d" relativeResultsDirectory="9bff0949-1777-40c3-851f-9169d5d8b3c2" />
    <UnitTestResult executionId="936b21c8-0582-4149-89c9-2b0dbc31b8d7" testId="c5d4e868-017e-43d2-897e-4d57160459b0" testName="YoloDev.AspNetCore.Assets.Test.AssetManifestTest.ConstructorThrowsIfDictIsNull" computerName="osl-m-alhe" duration="00:00:00.0030000" startTime="2018-03-28T11:33:48.5599320+02:00" endTime="2018-03-28T11:33:48.5599340+02:00" testType="13cdc9d9-ddb5-4fa4-a97d-d965ccfc6d4b" outcome="Passed" testListId="8c84fa94-04c1-424b-9868-57a2d4851a1d" relativeResultsDirectory="936b21c8-0582-4149-89c9-2b0dbc31b8d7" />
    <UnitTestResult executionId="a4ef6dae-834e-4bf1-970e-ae4a3d9445d3" testId="6d271352-d929-4acd-a6e2-e17742e8d477" testName="YoloDev.AspNetCore.Assets.Test.AssetManifestTest.ConstructorThrowsIfDirIsNull" computerName="osl-m-alhe" duration="00:00:00.0010000" startTime="2018-03-28T11:33:48.5600190+02:00" endTime="2018-03-28T11:33:48.5600210+02:00" testType="13cdc9d9-ddb5-4fa4-a97d-d965ccfc6d4b" outcome="Passed" testListId="8c84fa94-04c1-424b-9868-57a2d4851a1d" relativeResultsDirectory="a4ef6dae-834e-4bf1-970e-ae4a3d9445d3" />
    <UnitTestResult executionId="2a87b7d6-7c23-427e-82f9-10ef126a91a5" testId="4be42c06-ac2e-4f35-b30b-305926b28cf8" testName="YoloDev.AspNetCore.Assets.Test.AssetManifestTest.ResolveReturnsInputIfAssetIsNotFound" computerName="osl-m-alhe" duration="00:00:00.0010000" startTime="2018-03-28T11:33:48.5600970+02:00" endTime="2018-03-28T11:33:48.5600990+02:00" testType="13cdc9d9-ddb5-4fa4-a97d-d965ccfc6d4b" outcome="Passed" testListId="8c84fa94-04c1-424b-9868-57a2d4851a1d" relativeResultsDirectory="2a87b7d6-7c23-427e-82f9-10ef126a91a5" />
    <UnitTestResult executionId="10cc3174-5e2e-45b3-816a-9d3e169dc1e1" testId="d28384ed-56c5-4ac1-b108-051de530bff2" testName="YoloDev.AspNetCore.Assets.Test.AssetManifestTest.DirReturnsDirInput" computerName="osl-m-alhe" duration="00:00:00.0010000" startTime="2018-03-28T11:33:48.5601810+02:00" endTime="2018-03-28T11:33:48.5601830+02:00" testType="13cdc9d9-ddb5-4fa4-a97d-d965ccfc6d4b" outcome="Passed" testListId="8c84fa94-04c1-424b-9868-57a2d4851a1d" relativeResultsDirectory="10cc3174-5e2e-45b3-816a-9d3e169dc1e1" />
    <UnitTestResult executionId="365c7e19-8c85-49cd-9bde-55624418e6b3" testId="fc8b48a0-64ca-4bc0-8ef1-9cd57be132e1" testName="YoloDev.AspNetCore.Assets.Test.AssetManifestCacheTest.ConstructorThrowsIfReaderIsNull" computerName="osl-m-alhe" duration="00:00:00.2760000" startTime="2018-03-28T11:33:48.7950950+02:00" endTime="2018-03-28T11:33:48.7951000+02:00" testType="13cdc9d9-ddb5-4fa4-a97d-d965ccfc6d4b" outcome="Passed" testListId="8c84fa94-04c1-424b-9868-57a2d4851a1d" relativeResultsDirectory="365c7e19-8c85-49cd-9bde-55624418e6b3" />
    <UnitTestResult executionId="1c2f3e94-3c38-4030-9ac6-c14af127ca8f" testId="13f87bf6-d10d-49f6-a570-445421a5f19f" testName="YoloDev.AspNetCore.Assets.Test.AssetManifestCacheTest.ConstructorThrowsIfStreamProviderIsNull" computerName="osl-m-alhe" duration="00:00:00.0220000" startTime="2018-03-28T11:33:48.8806810+02:00" endTime="2018-03-28T11:33:48.8806840+02:00" testType="13cdc9d9-ddb5-4fa4-a97d-d965ccfc6d4b" outcome="Passed" testListId="8c84fa94-04c1-424b-9868-57a2d4851a1d" relativeResultsDirectory="1c2f3e94-3c38-4030-9ac6-c14af127ca8f" />
    <UnitTestResult executionId="ab3871d1-948d-455e-a960-88d3e989f69d" testId="42ed8320-1689-40fb-874f-26ec54e028b6" testName="YoloDev.AspNetCore.Assets.Test.FunctionalTest.NoManifestTests" computerName="osl-m-alhe" duration="00:00:00.3940000" startTime="2018-03-28T11:33:48.9129660+02:00" endTime="2018-03-28T11:33:48.9129710+02:00" testType="13cdc9d9-ddb5-4fa4-a97d-d965ccfc6d4b" outcome="Passed" testListId="8c84fa94-04c1-424b-9868-57a2d4851a1d" relativeResultsDirectory="ab3871d1-948d-455e-a960-88d3e989f69d" />
    <UnitTestResult executionId="8102c4aa-7d9d-4ca9-b35b-549dcf0ad918" testId="d4767799-5e31-41f2-8082-102184741c1e" testName="YoloDev.AspNetCore.Assets.Test.FunctionalTest.WithNestedManifestsTests" computerName="osl-m-alhe" duration="00:00:00.0510000" startTime="2018-03-28T11:33:48.9640490+02:00" endTime="2018-03-28T11:33:48.9640520+02:00" testType="13cdc9d9-ddb5-4fa4-a97d-d965ccfc6d4b" outcome="Passed" testListId="8c84fa94-04c1-424b-9868-57a2d4851a1d" relativeResultsDirectory="8102c4aa-7d9d-4ca9-b35b-549dcf0ad918" />
    <UnitTestResult executionId="3e068646-b5f8-4e4c-9224-c55915277790" testId="be3e5ec5-4df6-44a8-8aba-7ee1da5b29c2" testName="YoloDev.AspNetCore.Assets.Test.AssetManifestCacheTest.CachesTheManifests" computerName="osl-m-alhe" duration="00:00:00.1530000" startTime="2018-03-28T11:33:48.9704490+02:00" endTime="2018-03-28T11:33:48.9704520+02:00" testType="13cdc9d9-ddb5-4fa4-a97d-d965ccfc6d4b" outcome="Passed" testListId="8c84fa94-04c1-424b-9868-57a2d4851a1d" relativeResultsDirectory="3e068646-b5f8-4e4c-9224-c55915277790" />
    <UnitTestResult executionId="dda1eb9b-7c7a-4309-b6b8-1bc5c3706967" testId="1e9b1ca5-52cf-4bf3-8683-46bdb70d8818" testName="YoloDev.AspNetCore.Assets.Test.FunctionalTest.WithManifestTests" computerName="osl-m-alhe" duration="00:00:00.0090000" startTime="2018-03-28T11:33:48.9725140+02:00" endTime="2018-03-28T11:33:48.9725170+02:00" testType="13cdc9d9-ddb5-4fa4-a97d-d965ccfc6d4b" outcome="Passed" testListId="8c84fa94-04c1-424b-9868-57a2d4851a1d" relativeResultsDirectory="dda1eb9b-7c7a-4309-b6b8-1bc5c3706967" />
    <UnitTestResult executionId="423c1db8-d875-4c4f-bf92-f1f1aeef863b" testId="7584d1c1-2a65-4575-91f9-33772fc708d9" testName="YoloDev.AspNetCore.Assets.Test.TagHelperTest.ProcessAsync_GeneratesExpectedOutput" computerName="osl-m-alhe" duration="00:00:00.4300000" startTime="2018-03-28T11:33:48.9804270+02:00" endTime="2018-03-28T11:33:48.9804310+02:00" testType="13cdc9d9-ddb5-4fa4-a97d-d965ccfc6d4b" outcome="Passed" testListId="8c84fa94-04c1-424b-9868-57a2d4851a1d" relativeResultsDirectory="423c1db8-d875-4c4f-bf92-f1f1aeef863b" />
  </Results>
  <TestDefinitions>
    <UnitTest name="YoloDev.AspNetCore.Assets.Test.AssetPathNormalizerTest.ReturnsLowerCaseVariantOfPath" storage="/users/alxandr/hub/yolodev.aspnetcore.assets/test/yolodev.aspnetcore.assets.test/bin/debug/netcoreapp2.0/yolodev.aspnetcore.assets.test.dll" id="ad2e5eaf-27c0-4c89-9a06-0c39198c2fb4">
      <Execution id="245b9f73-19bc-4183-881a-59697b7e00c4" />
      <TestMethod codeBase="/Users/alxandr/hub/YoloDev.AspNetCore.Assets/test/YoloDev.AspNetCore.Assets.Test/bin/Debug/netcoreapp2.0/YoloDev.AspNetCore.Assets.Test.dll" executorUriOfAdapter="executor://xunit/VsTestRunner2/netcoreapp" className="YoloDev.AspNetCore.Assets.Test.AssetPathNormalizerTest" name="YoloDev.AspNetCore.Assets.Test.AssetPathNormalizerTest.ReturnsLowerCaseVariantOfPath" />
    </UnitTest>
    <UnitTest name="YoloDev.AspNetCore.Assets.Test.AssetManifestTest.ResolveReturnsAssetPathIfFound" storage="/users/alxandr/hub/yolodev.aspnetcore.assets/test/yolodev.aspnetcore.assets.test/bin/debug/netcoreapp2.0/yolodev.aspnetcore.assets.test.dll" id="13b9dffd-031d-46a0-a7cc-38d2e61815a5">
      <Execution id="9bff0949-1777-40c3-851f-9169d5d8b3c2" />
      <TestMethod codeBase="/Users/alxandr/hub/YoloDev.AspNetCore.Assets/test/YoloDev.AspNetCore.Assets.Test/bin/Debug/netcoreapp2.0/YoloDev.AspNetCore.Assets.Test.dll" executorUriOfAdapter="executor://xunit/VsTestRunner2/netcoreapp" className="YoloDev.AspNetCore.Assets.Test.AssetManifestTest" name="YoloDev.AspNetCore.Assets.Test.AssetManifestTest.ResolveReturnsAssetPathIfFound" />
    </UnitTest>
    <UnitTest name="YoloDev.AspNetCore.Assets.Test.AssetManifestTest.ConstructorThrowsIfDictIsNull" storage="/users/alxandr/hub/yolodev.aspnetcore.assets/test/yolodev.aspnetcore.assets.test/bin/debug/netcoreapp2.0/yolodev.aspnetcore.assets.test.dll" id="c5d4e868-017e-43d2-897e-4d57160459b0">
      <Execution id="936b21c8-0582-4149-89c9-2b0dbc31b8d7" />
      <TestMethod codeBase="/Users/alxandr/hub/YoloDev.AspNetCore.Assets/test/YoloDev.AspNetCore.Assets.Test/bin/Debug/netcoreapp2.0/YoloDev.AspNetCore.Assets.Test.dll" executorUriOfAdapter="executor://xunit/VsTestRunner2/netcoreapp" className="YoloDev.AspNetCore.Assets.Test.AssetManifestTest" name="YoloDev.AspNetCore.Assets.Test.AssetManifestTest.ConstructorThrowsIfDictIsNull" />
    </UnitTest>
    <UnitTest name="YoloDev.AspNetCore.Assets.Test.AssetManifestTest.ConstructorThrowsIfDirIsNull" storage="/users/alxandr/hub/yolodev.aspnetcore.assets/test/yolodev.aspnetcore.assets.test/bin/debug/netcoreapp2.0/yolodev.aspnetcore.assets.test.dll" id="6d271352-d929-4acd-a6e2-e17742e8d477">
      <Execution id="a4ef6dae-834e-4bf1-970e-ae4a3d9445d3" />
      <TestMethod codeBase="/Users/alxandr/hub/YoloDev.AspNetCore.Assets/test/YoloDev.AspNetCore.Assets.Test/bin/Debug/netcoreapp2.0/YoloDev.AspNetCore.Assets.Test.dll" executorUriOfAdapter="executor://xunit/VsTestRunner2/netcoreapp" className="YoloDev.AspNetCore.Assets.Test.AssetManifestTest" name="YoloDev.AspNetCore.Assets.Test.AssetManifestTest.ConstructorThrowsIfDirIsNull" />
    </UnitTest>
    <UnitTest name="YoloDev.AspNetCore.Assets.Test.AssetManifestTest.ResolveReturnsInputIfAssetIsNotFound" storage="/users/alxandr/hub/yolodev.aspnetcore.assets/test/yolodev.aspnetcore.assets.test/bin/debug/netcoreapp2.0/yolodev.aspnetcore.assets.test.dll" id="4be42c06-ac2e-4f35-b30b-305926b28cf8">
      <Execution id="2a87b7d6-7c23-427e-82f9-10ef126a91a5" />
      <TestMethod codeBase="/Users/alxandr/hub/YoloDev.AspNetCore.Assets/test/YoloDev.AspNetCore.Assets.Test/bin/Debug/netcoreapp2.0/YoloDev.AspNetCore.Assets.Test.dll" executorUriOfAdapter="executor://xunit/VsTestRunner2/netcoreapp" className="YoloDev.AspNetCore.Assets.Test.AssetManifestTest" name="YoloDev.AspNetCore.Assets.Test.AssetManifestTest.ResolveReturnsInputIfAssetIsNotFound" />
    </UnitTest>
    <UnitTest name="YoloDev.AspNetCore.Assets.Test.AssetManifestTest.DirReturnsDirInput" storage="/users/alxandr/hub/yolodev.aspnetcore.assets/test/yolodev.aspnetcore.assets.test/bin/debug/netcoreapp2.0/yolodev.aspnetcore.assets.test.dll" id="d28384ed-56c5-4ac1-b108-051de530bff2">
      <Execution id="10cc3174-5e2e-45b3-816a-9d3e169dc1e1" />
      <TestMethod codeBase="/Users/alxandr/hub/YoloDev.AspNetCore.Assets/test/YoloDev.AspNetCore.Assets.Test/bin/Debug/netcoreapp2.0/YoloDev.AspNetCore.Assets.Test.dll" executorUriOfAdapter="executor://xunit/VsTestRunner2/netcoreapp" className="YoloDev.AspNetCore.Assets.Test.AssetManifestTest" name="YoloDev.AspNetCore.Assets.Test.AssetManifestTest.DirReturnsDirInput" />
    </UnitTest>
    <UnitTest name="YoloDev.AspNetCore.Assets.Test.AssetManifestCacheTest.ConstructorThrowsIfReaderIsNull" storage="/users/alxandr/hub/yolodev.aspnetcore.assets/test/yolodev.aspnetcore.assets.test/bin/debug/netcoreapp2.0/yolodev.aspnetcore.assets.test.dll" id="fc8b48a0-64ca-4bc0-8ef1-9cd57be132e1">
      <Execution id="365c7e19-8c85-49cd-9bde-55624418e6b3" />
      <TestMethod codeBase="/Users/alxandr/hub/YoloDev.AspNetCore.Assets/test/YoloDev.AspNetCore.Assets.Test/bin/Debug/netcoreapp2.0/YoloDev.AspNetCore.Assets.Test.dll" executorUriOfAdapter="executor://xunit/VsTestRunner2/netcoreapp" className="YoloDev.AspNetCore.Assets.Test.AssetManifestCacheTest" name="YoloDev.AspNetCore.Assets.Test.AssetManifestCacheTest.ConstructorThrowsIfReaderIsNull" />
    </UnitTest>
    <UnitTest name="YoloDev.AspNetCore.Assets.Test.AssetManifestCacheTest.ConstructorThrowsIfStreamProviderIsNull" storage="/users/alxandr/hub/yolodev.aspnetcore.assets/test/yolodev.aspnetcore.assets.test/bin/debug/netcoreapp2.0/yolodev.aspnetcore.assets.test.dll" id="13f87bf6-d10d-49f6-a570-445421a5f19f">
      <Execution id="1c2f3e94-3c38-4030-9ac6-c14af127ca8f" />
      <TestMethod codeBase="/Users/alxandr/hub/YoloDev.AspNetCore.Assets/test/YoloDev.AspNetCore.Assets.Test/bin/Debug/netcoreapp2.0/YoloDev.AspNetCore.Assets.Test.dll" executorUriOfAdapter="executor://xunit/VsTestRunner2/netcoreapp" className="YoloDev.AspNetCore.Assets.Test.AssetManifestCacheTest" name="YoloDev.AspNetCore.Assets.Test.AssetManifestCacheTest.ConstructorThrowsIfStreamProviderIsNull" />
    </UnitTest>
    <UnitTest name="YoloDev.AspNetCore.Assets.Test.FunctionalTest.NoManifestTests" storage="/users/alxandr/hub/yolodev.aspnetcore.assets/test/yolodev.aspnetcore.assets.test/bin/debug/netcoreapp2.0/yolodev.aspnetcore.assets.test.dll" id="42ed8320-1689-40fb-874f-26ec54e028b6">
      <Execution id="ab3871d1-948d-455e-a960-88d3e989f69d" />
      <TestMethod codeBase="/Users/alxandr/hub/YoloDev.AspNetCore.Assets/test/YoloDev.AspNetCore.Assets.Test/bin/Debug/netcoreapp2.0/YoloDev.AspNetCore.Assets.Test.dll" executorUriOfAdapter="executor://xunit/VsTestRunner2/netcoreapp" className="YoloDev.AspNetCore.Assets.Test.FunctionalTest" name="YoloDev.AspNetCore.Assets.Test.FunctionalTest.NoManifestTests" />
    </UnitTest>
    <UnitTest name="YoloDev.AspNetCore.Assets.Test.FunctionalTest.WithNestedManifestsTests" storage="/users/alxandr/hub/yolodev.aspnetcore.assets/test/yolodev.aspnetcore.assets.test/bin/debug/netcoreapp2.0/yolodev.aspnetcore.assets.test.dll" id="d4767799-5e31-41f2-8082-102184741c1e">
      <Execution id="8102c4aa-7d9d-4ca9-b35b-549dcf0ad918" />
      <TestMethod codeBase="/Users/alxandr/hub/YoloDev.AspNetCore.Assets/test/YoloDev.AspNetCore.Assets.Test/bin/Debug/netcoreapp2.0/YoloDev.AspNetCore.Assets.Test.dll" executorUriOfAdapter="executor://xunit/VsTestRunner2/netcoreapp" className="YoloDev.AspNetCore.Assets.Test.FunctionalTest" name="YoloDev.AspNetCore.Assets.Test.FunctionalTest.WithNestedManifestsTests" />
    </UnitTest>
    <UnitTest name="YoloDev.AspNetCore.Assets.Test.AssetManifestCacheTest.CachesTheManifests" storage="/users/alxandr/hub/yolodev.aspnetcore.assets/test/yolodev.aspnetcore.assets.test/bin/debug/netcoreapp2.0/yolodev.aspnetcore.assets.test.dll" id="be3e5ec5-4df6-44a8-8aba-7ee1da5b29c2">
      <Execution id="3e068646-b5f8-4e4c-9224-c55915277790" />
      <TestMethod codeBase="/Users/alxandr/hub/YoloDev.AspNetCore.Assets/test/YoloDev.AspNetCore.Assets.Test/bin/Debug/netcoreapp2.0/YoloDev.AspNetCore.Assets.Test.dll" executorUriOfAdapter="executor://xunit/VsTestRunner2/netcoreapp" className="YoloDev.AspNetCore.Assets.Test.AssetManifestCacheTest" name="YoloDev.AspNetCore.Assets.Test.AssetManifestCacheTest.CachesTheManifests" />
    </UnitTest>
    <UnitTest name="YoloDev.AspNetCore.Assets.Test.FunctionalTest.WithManifestTests" storage="/users/alxandr/hub/yolodev.aspnetcore.assets/test/yolodev.aspnetcore.assets.test/bin/debug/netcoreapp2.0/yolodev.aspnetcore.assets.test.dll" id="1e9b1ca5-52cf-4bf3-8683-46bdb70d8818">
      <Execution id="dda1eb9b-7c7a-4309-b6b8-1bc5c3706967" />
      <TestMethod codeBase="/Users/alxandr/hub/YoloDev.AspNetCore.Assets/test/YoloDev.AspNetCore.Assets.Test/bin/Debug/netcoreapp2.0/YoloDev.AspNetCore.Assets.Test.dll" executorUriOfAdapter="executor://xunit/VsTestRunner2/netcoreapp" className="YoloDev.AspNetCore.Assets.Test.FunctionalTest" name="YoloDev.AspNetCore.Assets.Test.FunctionalTest.WithManifestTests" />
    </UnitTest>
    <UnitTest name="YoloDev.AspNetCore.Assets.Test.TagHelperTest.ProcessAsync_GeneratesExpectedOutput" storage="/users/alxandr/hub/yolodev.aspnetcore.assets/test/yolodev.aspnetcore.assets.test/bin/debug/netcoreapp2.0/yolodev.aspnetcore.assets.test.dll" id="7584d1c1-2a65-4575-91f9-33772fc708d9">
      <Execution id="423c1db8-d875-4c4f-bf92-f1f1aeef863b" />
      <TestMethod codeBase="/Users/alxandr/hub/YoloDev.AspNetCore.Assets/test/YoloDev.AspNetCore.Assets.Test/bin/Debug/netcoreapp2.0/YoloDev.AspNetCore.Assets.Test.dll" executorUriOfAdapter="executor://xunit/VsTestRunner2/netcoreapp" className="YoloDev.AspNetCore.Assets.Test.TagHelperTest" name="YoloDev.AspNetCore.Assets.Test.TagHelperTest.ProcessAsync_GeneratesExpectedOutput" />
    </UnitTest>
  </TestDefinitions>
  <TestEntries>
    <TestEntry testId="ad2e5eaf-27c0-4c89-9a06-0c39198c2fb4" executionId="245b9f73-19bc-4183-881a-59697b7e00c4" testListId="8c84fa94-04c1-424b-9868-57a2d4851a1d" />
    <TestEntry testId="13b9dffd-031d-46a0-a7cc-38d2e61815a5" executionId="9bff0949-1777-40c3-851f-9169d5d8b3c2" testListId="8c84fa94-04c1-424b-9868-57a2d4851a1d" />
    <TestEntry testId="c5d4e868-017e-43d2-897e-4d57160459b0" executionId="936b21c8-0582-4149-89c9-2b0dbc31b8d7" testListId="8c84fa94-04c1-424b-9868-57a2d4851a1d" />
    <TestEntry testId="6d271352-d929-4acd-a6e2-e17742e8d477" executionId="a4ef6dae-834e-4bf1-970e-ae4a3d9445d3" testListId="8c84fa94-04c1-424b-9868-57a2d4851a1d" />
    <TestEntry testId="4be42c06-ac2e-4f35-b30b-305926b28cf8" executionId="2a87b7d6-7c23-427e-82f9-10ef126a91a5" testListId="8c84fa94-04c1-424b-9868-57a2d4851a1d" />
    <TestEntry testId="d28384ed-56c5-4ac1-b108-051de530bff2" executionId="10cc3174-5e2e-45b3-816a-9d3e169dc1e1" testListId="8c84fa94-04c1-424b-9868-57a2d4851a1d" />
    <TestEntry testId="fc8b48a0-64ca-4bc0-8ef1-9cd57be132e1" executionId="365c7e19-8c85-49cd-9bde-55624418e6b3" testListId="8c84fa94-04c1-424b-9868-57a2d4851a1d" />
    <TestEntry testId="13f87bf6-d10d-49f6-a570-445421a5f19f" executionId="1c2f3e94-3c38-4030-9ac6-c14af127ca8f" testListId="8c84fa94-04c1-424b-9868-57a2d4851a1d" />
    <TestEntry testId="42ed8320-1689-40fb-874f-26ec54e028b6" executionId="ab3871d1-948d-455e-a960-88d3e989f69d" testListId="8c84fa94-04c1-424b-9868-57a2d4851a1d" />
    <TestEntry testId="d4767799-5e31-41f2-8082-102184741c1e" executionId="8102c4aa-7d9d-4ca9-b35b-549dcf0ad918" testListId="8c84fa94-04c1-424b-9868-57a2d4851a1d" />
    <TestEntry testId="be3e5ec5-4df6-44a8-8aba-7ee1da5b29c2" executionId="3e068646-b5f8-4e4c-9224-c55915277790" testListId="8c84fa94-04c1-424b-9868-57a2d4851a1d" />
    <TestEntry testId="1e9b1ca5-52cf-4bf3-8683-46bdb70d8818" executionId="dda1eb9b-7c7a-4309-b6b8-1bc5c3706967" testListId="8c84fa94-04c1-424b-9868-57a2d4851a1d" />
    <TestEntry testId="7584d1c1-2a65-4575-91f9-33772fc708d9" executionId="423c1db8-d875-4c4f-bf92-f1f1aeef863b" testListId="8c84fa94-04c1-424b-9868-57a2d4851a1d" />
  </TestEntries>
  <TestLists>
    <TestList name="Results Not in a List" id="8c84fa94-04c1-424b-9868-57a2d4851a1d" />
    <TestList name="All Loaded Results" id="19431567-8539-422a-85d7-44ee4e166bda" />
  </TestLists>
  <ResultSummary outcome="Completed">
    <Counters total="13" executed="13" passed="13" failed="0" error="0" timeout="0" aborted="0" inconclusive="0" passedButRunAborted="0" notRunnable="0" notExecuted="0" disconnected="0" warning="0" completed="0" inProgress="0" pending="0" />
    <Output>
      <StdOut>[xUnit.net 00:00:00.8357120]   Discovering: YoloDev.AspNetCore.Assets.Test[xUnit.net 00:00:00.9079480]   Discovered:  YoloDev.AspNetCore.Assets.Test[xUnit.net 00:00:00.9152810]   Starting:    YoloDev.AspNetCore.Assets.Test[xUnit.net 00:00:01.5261330]   Finished:    YoloDev.AspNetCore.Assets.Test</StdOut>
    </Output>
  </ResultSummary>
</TestRun>