<?xml version="1.0" encoding="UTF-8"?>
<TestRun id="800e21bd-7de8-4f00-b265-dc62adb906c4" name="@osl-m-alhe 2018-03-28 11:36:07" xmlns="http://microsoft.com/schemas/VisualStudio/TeamTest/2010">
  <Times creation="2018-03-28T11:36:07.0732750+02:00" queuing="2018-03-28T11:36:07.0732900+02:00" start="2018-03-28T11:36:05.0607070+02:00" finish="2018-03-28T11:36:07.3094490+02:00" />
  <TestSettings name="default" id="94de4ac6-e3ed-4613-9780-92f77e7f2b0a">
    <Deployment runDeploymentRoot="_osl-m-alhe_2018-03-28_11_36_07" />
  </TestSettings>
  <Results>
    <UnitTestResult executionId="820938d2-ac4c-41b9-860e-4e7a458082a8" testId="25794f4a-57ee-46f8-8500-0651a655f40c" testName="YoloDev.AspNetCore.Assets.Test.AssetPathNormalizerTest.ReturnsLowerCaseVariantOfPath" computerName="osl-m-alhe" duration="00:00:00.0180000" startTime="2018-03-28T11:36:06.7113530+02:00" endTime="2018-03-28T11:36:06.7113590+02:00" testType="13cdc9d9-ddb5-4fa4-a97d-d965ccfc6d4b" outcome="Passed" testListId="8c84fa94-04c1-424b-9868-57a2d4851a1d" relativeResultsDirectory="820938d2-ac4c-41b9-860e-4e7a458082a8" />
    <UnitTestResult executionId="66bdf7f8-22af-4ae6-adc7-e1bf95e12f9f" testId="97d20c02-dad3-4042-bef1-6a82c1fe7f98" testName="YoloDev.AspNetCore.Assets.Test.AssetManifestTest.ResolveReturnsAssetPathIfFound" computerName="osl-m-alhe" duration="00:00:00.0360000" startTime="2018-03-28T11:36:06.7260080+02:00" endTime="2018-03-28T11:36:06.7260130+02:00" testType="13cdc9d9-ddb5-4fa4-a97d-d965ccfc6d4b" outcome="Passed" testListId="8c84fa94-04c1-424b-9868-57a2d4851a1d" relativeResultsDirectory="66bdf7f8-22af-4ae6-adc7-e1bf95e12f9f" />
    <UnitTestResult executionId="7b793c2f-df91-467a-850f-9f6dc07bc861" testId="19794c59-0436-47aa-b1c8-0fad85008dab" testName="YoloDev.AspNetCore.Assets.Test.AssetManifestTest.ConstructorThrowsIfDictIsNull" computerName="osl-m-alhe" duration="00:00:00.0060000" startTime="2018-03-28T11:36:06.7264040+02:00" endTime="2018-03-28T11:36:06.7264060+02:00" testType="13cdc9d9-ddb5-4fa4-a97d-d965ccfc6d4b" outcome="Passed" testListId="8c84fa94-04c1-424b-9868-57a2d4851a1d" relativeResultsDirectory="7b793c2f-df91-467a-850f-9f6dc07bc861" />
    <UnitTestResult executionId="19764b80-5903-4bc3-a8d8-b60d8f516820" testId="2d9ccd84-a9da-4bc9-a2c6-2343f8062d3f" testName="YoloDev.AspNetCore.Assets.Test.AssetManifestTest.ConstructorThrowsIfDirIsNull" computerName="osl-m-alhe" duration="00:00:00.0010000" startTime="2018-03-28T11:36:06.7264970+02:00" endTime="2018-03-28T11:36:06.7264990+02:00" testType="13cdc9d9-ddb5-4fa4-a97d-d965ccfc6d4b" outcome="Passed" testListId="8c84fa94-04c1-424b-9868-57a2d4851a1d" relativeResultsDirectory="19764b80-5903-4bc3-a8d8-b60d8f516820" />
    <UnitTestResult executionId="23575bfa-4788-4ce2-8415-96f31e160ae6" testId="0b757c5b-e4d3-4be3-9ee6-3a93239cacfa" testName="YoloDev.AspNetCore.Assets.Test.AssetManifestTest.ResolveReturnsInputIfAssetIsNotFound" computerName="osl-m-alhe" duration="00:00:00.0010000" startTime="2018-03-28T11:36:06.7265660+02:00" endTime="2018-03-28T11:36:06.7265680+02:00" testType="13cdc9d9-ddb5-4fa4-a97d-d965ccfc6d4b" outcome="Passed" testListId="8c84fa94-04c1-424b-9868-57a2d4851a1d" relativeResultsDirectory="23575bfa-4788-4ce2-8415-96f31e160ae6" />
    <UnitTestResult executionId="73ce18e3-e191-43ae-b5bb-931910e5525f" testId="134b7a6a-f2e2-456c-aa0f-b5c526bc5e8c" testName="YoloDev.AspNetCore.Assets.Test.AssetManifestTest.DirReturnsDirInput" computerName="osl-m-alhe" duration="00:00:00.0010000" startTime="2018-03-28T11:36:06.7266380+02:00" endTime="2018-03-28T11:36:06.7266390+02:00" testType="13cdc9d9-ddb5-4fa4-a97d-d965ccfc6d4b" outcome="Passed" testListId="8c84fa94-04c1-424b-9868-57a2d4851a1d" relativeResultsDirectory="73ce18e3-e191-43ae-b5bb-931910e5525f" />
    <UnitTestResult executionId="b1f0db69-aca9-43ea-b075-06875787539d" testId="40569401-64fb-4c03-a488-fe387ceced28" testName="YoloDev.AspNetCore.Assets.Test.AssetManifestCacheTest.ConstructorThrowsIfReaderIsNull" computerName="osl-m-alhe" duration="00:00:00.2210000" startTime="2018-03-28T11:36:06.9411130+02:00" endTime="2018-03-28T11:36:06.9411180+02:00" testType="13cdc9d9-ddb5-4fa4-a97d-d965ccfc6d4b" outcome="Passed" testListId="8c84fa94-04c1-424b-9868-57a2d4851a1d" relativeResultsDirectory="b1f0db69-aca9-43ea-b075-06875787539d" />
    <UnitTestResult executionId="e085c89d-98d8-4eb9-a397-609b22633adb" testId="5d55a009-e751-4c32-8e3f-e1700337d1c7" testName="YoloDev.AspNetCore.Assets.Test.AssetManifestCacheTest.ConstructorThrowsIfStreamProviderIsNull" computerName="osl-m-alhe" duration="00:00:00.0200000" startTime="2018-03-28T11:36:07.0251140+02:00" endTime="2018-03-28T11:36:07.0251170+02:00" testType="13cdc9d9-ddb5-4fa4-a97d-d965ccfc6d4b" outcome="Passed" testListId="8c84fa94-04c1-424b-9868-57a2d4851a1d" relativeResultsDirectory="e085c89d-98d8-4eb9-a397-609b22633adb" />
    <UnitTestResult executionId="39267fa2-9726-4e37-9332-e6271bfef2a2" testId="a92e924f-de36-4c7c-937a-20b6e9043df8" testName="YoloDev.AspNetCore.Assets.Test.FunctionalTest.NoManifestTests" computerName="osl-m-alhe" duration="00:00:00.3810000" startTime="2018-03-28T11:36:07.0635060+02:00" endTime="2018-03-28T11:36:07.0635110+02:00" testType="13cdc9d9-ddb5-4fa4-a97d-d965ccfc6d4b" outcome="Passed" testListId="8c84fa94-04c1-424b-9868-57a2d4851a1d" relativeResultsDirectory="39267fa2-9726-4e37-9332-e6271bfef2a2" />
    <UnitTestResult executionId="fd1cdb74-3475-41bd-881a-0ef5be21a903" testId="fd5ede6d-02dc-45aa-a6e4-346c94f80611" testName="YoloDev.AspNetCore.Assets.Test.FunctionalTest.WithNestedManifestsTests" computerName="osl-m-alhe" duration="00:00:00.0480000" startTime="2018-03-28T11:36:07.1120910+02:00" endTime="2018-03-28T11:36:07.1120930+02:00" testType="13cdc9d9-ddb5-4fa4-a97d-d965ccfc6d4b" outcome="Passed" testListId="8c84fa94-04c1-424b-9868-57a2d4851a1d" relativeResultsDirectory="fd1cdb74-3475-41bd-881a-0ef5be21a903" />
    <UnitTestResult executionId="a35c63fb-c098-45d2-9749-33dbb4e1b385" testId="9161457d-d591-4df6-a34d-6c489dae15a0" testName="YoloDev.AspNetCore.Assets.Test.AssetManifestCacheTest.CachesTheManifests" computerName="osl-m-alhe" duration="00:00:00.1520000" startTime="2018-03-28T11:36:07.1134840+02:00" endTime="2018-03-28T11:36:07.1134880+02:00" testType="13cdc9d9-ddb5-4fa4-a97d-d965ccfc6d4b" outcome="Passed" testListId="8c84fa94-04c1-424b-9868-57a2d4851a1d" relativeResultsDirectory="a35c63fb-c098-45d2-9749-33dbb4e1b385" />
    <UnitTestResult executionId="1a5b0c1e-6d3c-4055-b65e-bb579665e569" testId="ffff32d0-fba5-4a79-a1da-0bc992212ee4" testName="YoloDev.AspNetCore.Assets.Test.FunctionalTest.WithManifestTests" computerName="osl-m-alhe" duration="00:00:00.0080000" startTime="2018-03-28T11:36:07.1198790+02:00" endTime="2018-03-28T11:36:07.1198820+02:00" testType="13cdc9d9-ddb5-4fa4-a97d-d965ccfc6d4b" outcome="Passed" testListId="8c84fa94-04c1-424b-9868-57a2d4851a1d" relativeResultsDirectory="1a5b0c1e-6d3c-4055-b65e-bb579665e569" />
    <UnitTestResult executionId="bb2dc546-5f31-44e3-b90b-f0e7a963d552" testId="6f79ca81-86b7-43f5-8b25-0512e55b223d" testName="YoloDev.AspNetCore.Assets.Test.TagHelperTest.ProcessAsync_GeneratesExpectedOutput" computerName="osl-m-alhe" duration="00:00:00.4400000" startTime="2018-03-28T11:36:07.1226120+02:00" endTime="2018-03-28T11:36:07.1226150+02:00" testType="13cdc9d9-ddb5-4fa4-a97d-d965ccfc6d4b" outcome="Passed" testListId="8c84fa94-04c1-424b-9868-57a2d4851a1d" relativeResultsDirectory="bb2dc546-5f31-44e3-b90b-f0e7a963d552" />
  </Results>
  <TestDefinitions>
    <UnitTest name="YoloDev.AspNetCore.Assets.Test.AssetPathNormalizerTest.ReturnsLowerCaseVariantOfPath" storage="/users/alxandr/hub/yolodev.aspnetcore.assets/test/yolodev.aspnetcore.assets.test/bin/debug/netcoreapp2.0/yolodev.aspnetcore.assets.test.dll" id="25794f4a-57ee-46f8-8500-0651a655f40c">
      <Execution id="820938d2-ac4c-41b9-860e-4e7a458082a8" />
      <TestMethod codeBase="/Users/alxandr/hub/YoloDev.AspNetCore.Assets/test/YoloDev.AspNetCore.Assets.Test/bin/Debug/netcoreapp2.0/YoloDev.AspNetCore.Assets.Test.dll" executorUriOfAdapter="executor://xunit/VsTestRunner2/netcoreapp" className="YoloDev.AspNetCore.Assets.Test.AssetPathNormalizerTest" name="YoloDev.AspNetCore.Assets.Test.AssetPathNormalizerTest.ReturnsLowerCaseVariantOfPath" />
    </UnitTest>
    <UnitTest name="YoloDev.AspNetCore.Assets.Test.AssetManifestTest.ResolveReturnsAssetPathIfFound" storage="/users/alxandr/hub/yolodev.aspnetcore.assets/test/yolodev.aspnetcore.assets.test/bin/debug/netcoreapp2.0/yolodev.aspnetcore.assets.test.dll" id="97d20c02-dad3-4042-bef1-6a82c1fe7f98">
      <Execution id="66bdf7f8-22af-4ae6-adc7-e1bf95e12f9f" />
      <TestMethod codeBase="/Users/alxandr/hub/YoloDev.AspNetCore.Assets/test/YoloDev.AspNetCore.Assets.Test/bin/Debug/netcoreapp2.0/YoloDev.AspNetCore.Assets.Test.dll" executorUriOfAdapter="executor://xunit/VsTestRunner2/netcoreapp" className="YoloDev.AspNetCore.Assets.Test.AssetManifestTest" name="YoloDev.AspNetCore.Assets.Test.AssetManifestTest.ResolveReturnsAssetPathIfFound" />
    </UnitTest>
    <UnitTest name="YoloDev.AspNetCore.Assets.Test.AssetManifestTest.ConstructorThrowsIfDictIsNull" storage="/users/alxandr/hub/yolodev.aspnetcore.assets/test/yolodev.aspnetcore.assets.test/bin/debug/netcoreapp2.0/yolodev.aspnetcore.assets.test.dll" id="19794c59-0436-47aa-b1c8-0fad85008dab">
      <Execution id="7b793c2f-df91-467a-850f-9f6dc07bc861" />
      <TestMethod codeBase="/Users/alxandr/hub/YoloDev.AspNetCore.Assets/test/YoloDev.AspNetCore.Assets.Test/bin/Debug/netcoreapp2.0/YoloDev.AspNetCore.Assets.Test.dll" executorUriOfAdapter="executor://xunit/VsTestRunner2/netcoreapp" className="YoloDev.AspNetCore.Assets.Test.AssetManifestTest" name="YoloDev.AspNetCore.Assets.Test.AssetManifestTest.ConstructorThrowsIfDictIsNull" />
    </UnitTest>
    <UnitTest name="YoloDev.AspNetCore.Assets.Test.AssetManifestTest.ConstructorThrowsIfDirIsNull" storage="/users/alxandr/hub/yolodev.aspnetcore.assets/test/yolodev.aspnetcore.assets.test/bin/debug/netcoreapp2.0/yolodev.aspnetcore.assets.test.dll" id="2d9ccd84-a9da-4bc9-a2c6-2343f8062d3f">
      <Execution id="19764b80-5903-4bc3-a8d8-b60d8f516820" />
      <TestMethod codeBase="/Users/alxandr/hub/YoloDev.AspNetCore.Assets/test/YoloDev.AspNetCore.Assets.Test/bin/Debug/netcoreapp2.0/YoloDev.AspNetCore.Assets.Test.dll" executorUriOfAdapter="executor://xunit/VsTestRunner2/netcoreapp" className="YoloDev.AspNetCore.Assets.Test.AssetManifestTest" name="YoloDev.AspNetCore.Assets.Test.AssetManifestTest.ConstructorThrowsIfDirIsNull" />
    </UnitTest>
    <UnitTest name="YoloDev.AspNetCore.Assets.Test.AssetManifestTest.ResolveReturnsInputIfAssetIsNotFound" storage="/users/alxandr/hub/yolodev.aspnetcore.assets/test/yolodev.aspnetcore.assets.test/bin/debug/netcoreapp2.0/yolodev.aspnetcore.assets.test.dll" id="0b757c5b-e4d3-4be3-9ee6-3a93239cacfa">
      <Execution id="23575bfa-4788-4ce2-8415-96f31e160ae6" />
      <TestMethod codeBase="/Users/alxandr/hub/YoloDev.AspNetCore.Assets/test/YoloDev.AspNetCore.Assets.Test/bin/Debug/netcoreapp2.0/YoloDev.AspNetCore.Assets.Test.dll" executorUriOfAdapter="executor://xunit/VsTestRunner2/netcoreapp" className="YoloDev.AspNetCore.Assets.Test.AssetManifestTest" name="YoloDev.AspNetCore.Assets.Test.AssetManifestTest.ResolveReturnsInputIfAssetIsNotFound" />
    </UnitTest>
    <UnitTest name="YoloDev.AspNetCore.Assets.Test.AssetManifestTest.DirReturnsDirInput" storage="/users/alxandr/hub/yolodev.aspnetcore.assets/test/yolodev.aspnetcore.assets.test/bin/debug/netcoreapp2.0/yolodev.aspnetcore.assets.test.dll" id="134b7a6a-f2e2-456c-aa0f-b5c526bc5e8c">
      <Execution id="73ce18e3-e191-43ae-b5bb-931910e5525f" />
      <TestMethod codeBase="/Users/alxandr/hub/YoloDev.AspNetCore.Assets/test/YoloDev.AspNetCore.Assets.Test/bin/Debug/netcoreapp2.0/YoloDev.AspNetCore.Assets.Test.dll" executorUriOfAdapter="executor://xunit/VsTestRunner2/netcoreapp" className="YoloDev.AspNetCore.Assets.Test.AssetManifestTest" name="YoloDev.AspNetCore.Assets.Test.AssetManifestTest.DirReturnsDirInput" />
    </UnitTest>
    <UnitTest name="YoloDev.AspNetCore.Assets.Test.AssetManifestCacheTest.ConstructorThrowsIfReaderIsNull" storage="/users/alxandr/hub/yolodev.aspnetcore.assets/test/yolodev.aspnetcore.assets.test/bin/debug/netcoreapp2.0/yolodev.aspnetcore.assets.test.dll" id="40569401-64fb-4c03-a488-fe387ceced28">
      <Execution id="b1f0db69-aca9-43ea-b075-06875787539d" />
      <TestMethod codeBase="/Users/alxandr/hub/YoloDev.AspNetCore.Assets/test/YoloDev.AspNetCore.Assets.Test/bin/Debug/netcoreapp2.0/YoloDev.AspNetCore.Assets.Test.dll" executorUriOfAdapter="executor://xunit/VsTestRunner2/netcoreapp" className="YoloDev.AspNetCore.Assets.Test.AssetManifestCacheTest" name="YoloDev.AspNetCore.Assets.Test.AssetManifestCacheTest.ConstructorThrowsIfReaderIsNull" />
    </UnitTest>
    <UnitTest name="YoloDev.AspNetCore.Assets.Test.AssetManifestCacheTest.ConstructorThrowsIfStreamProviderIsNull" storage="/users/alxandr/hub/yolodev.aspnetcore.assets/test/yolodev.aspnetcore.assets.test/bin/debug/netcoreapp2.0/yolodev.aspnetcore.assets.test.dll" id="5d55a009-e751-4c32-8e3f-e1700337d1c7">
      <Execution id="e085c89d-98d8-4eb9-a397-609b22633adb" />
      <TestMethod codeBase="/Users/alxandr/hub/YoloDev.AspNetCore.Assets/test/YoloDev.AspNetCore.Assets.Test/bin/Debug/netcoreapp2.0/YoloDev.AspNetCore.Assets.Test.dll" executorUriOfAdapter="executor://xunit/VsTestRunner2/netcoreapp" className="YoloDev.AspNetCore.Assets.Test.AssetManifestCacheTest" name="YoloDev.AspNetCore.Assets.Test.AssetManifestCacheTest.ConstructorThrowsIfStreamProviderIsNull" />
    </UnitTest>
    <UnitTest name="YoloDev.AspNetCore.Assets.Test.FunctionalTest.NoManifestTests" storage="/users/alxandr/hub/yolodev.aspnetcore.assets/test/yolodev.aspnetcore.assets.test/bin/debug/netcoreapp2.0/yolodev.aspnetcore.assets.test.dll" id="a92e924f-de36-4c7c-937a-20b6e9043df8">
      <Execution id="39267fa2-9726-4e37-9332-e6271bfef2a2" />
      <TestMethod codeBase="/Users/alxandr/hub/YoloDev.AspNetCore.Assets/test/YoloDev.AspNetCore.Assets.Test/bin/Debug/netcoreapp2.0/YoloDev.AspNetCore.Assets.Test.dll" executorUriOfAdapter="executor://xunit/VsTestRunner2/netcoreapp" className="YoloDev.AspNetCore.Assets.Test.FunctionalTest" name="YoloDev.AspNetCore.Assets.Test.FunctionalTest.NoManifestTests" />
    </UnitTest>
    <UnitTest name="YoloDev.AspNetCore.Assets.Test.FunctionalTest.WithNestedManifestsTests" storage="/users/alxandr/hub/yolodev.aspnetcore.assets/test/yolodev.aspnetcore.assets.test/bin/debug/netcoreapp2.0/yolodev.aspnetcore.assets.test.dll" id="fd5ede6d-02dc-45aa-a6e4-346c94f80611">
      <Execution id="fd1cdb74-3475-41bd-881a-0ef5be21a903" />
      <TestMethod codeBase="/Users/alxandr/hub/YoloDev.AspNetCore.Assets/test/YoloDev.AspNetCore.Assets.Test/bin/Debug/netcoreapp2.0/YoloDev.AspNetCore.Assets.Test.dll" executorUriOfAdapter="executor://xunit/VsTestRunner2/netcoreapp" className="YoloDev.AspNetCore.Assets.Test.FunctionalTest" name="YoloDev.AspNetCore.Assets.Test.FunctionalTest.WithNestedManifestsTests" />
    </UnitTest>
    <UnitTest name="YoloDev.AspNetCore.Assets.Test.AssetManifestCacheTest.CachesTheManifests" storage="/users/alxandr/hub/yolodev.aspnetcore.assets/test/yolodev.aspnetcore.assets.test/bin/debug/netcoreapp2.0/yolodev.aspnetcore.assets.test.dll" id="9161457d-d591-4df6-a34d-6c489dae15a0">
      <Execution id="a35c63fb-c098-45d2-9749-33dbb4e1b385" />
      <TestMethod codeBase="/Users/alxandr/hub/YoloDev.AspNetCore.Assets/test/YoloDev.AspNetCore.Assets.Test/bin/Debug/netcoreapp2.0/YoloDev.AspNetCore.Assets.Test.dll" executorUriOfAdapter="executor://xunit/VsTestRunner2/netcoreapp" className="YoloDev.AspNetCore.Assets.Test.AssetManifestCacheTest" name="YoloDev.AspNetCore.Assets.Test.AssetManifestCacheTest.CachesTheManifests" />
    </UnitTest>
    <UnitTest name="YoloDev.AspNetCore.Assets.Test.FunctionalTest.WithManifestTests" storage="/users/alxandr/hub/yolodev.aspnetcore.assets/test/yolodev.aspnetcore.assets.test/bin/debug/netcoreapp2.0/yolodev.aspnetcore.assets.test.dll" id="ffff32d0-fba5-4a79-a1da-0bc992212ee4">
      <Execution id="1a5b0c1e-6d3c-4055-b65e-bb579665e569" />
      <TestMethod codeBase="/Users/alxandr/hub/YoloDev.AspNetCore.Assets/test/YoloDev.AspNetCore.Assets.Test/bin/Debug/netcoreapp2.0/YoloDev.AspNetCore.Assets.Test.dll" executorUriOfAdapter="executor://xunit/VsTestRunner2/netcoreapp" className="YoloDev.AspNetCore.Assets.Test.FunctionalTest" name="YoloDev.AspNetCore.Assets.Test.FunctionalTest.WithManifestTests" />
    </UnitTest>
    <UnitTest name="YoloDev.AspNetCore.Assets.Test.TagHelperTest.ProcessAsync_GeneratesExpectedOutput" storage="/users/alxandr/hub/yolodev.aspnetcore.assets/test/yolodev.aspnetcore.assets.test/bin/debug/netcoreapp2.0/yolodev.aspnetcore.assets.test.dll" id="6f79ca81-86b7-43f5-8b25-0512e55b223d">
      <Execution id="bb2dc546-5f31-44e3-b90b-f0e7a963d552" />
      <TestMethod codeBase="/Users/alxandr/hub/YoloDev.AspNetCore.Assets/test/YoloDev.AspNetCore.Assets.Test/bin/Debug/netcoreapp2.0/YoloDev.AspNetCore.Assets.Test.dll" executorUriOfAdapter="executor://xunit/VsTestRunner2/netcoreapp" className="YoloDev.AspNetCore.Assets.Test.TagHelperTest" name="YoloDev.AspNetCore.Assets.Test.TagHelperTest.ProcessAsync_GeneratesExpectedOutput" />
    </UnitTest>
  </TestDefinitions>
  <TestEntries>
    <TestEntry testId="25794f4a-57ee-46f8-8500-0651a655f40c" executionId="820938d2-ac4c-41b9-860e-4e7a458082a8" testListId="8c84fa94-04c1-424b-9868-57a2d4851a1d" />
    <TestEntry testId="97d20c02-dad3-4042-bef1-6a82c1fe7f98" executionId="66bdf7f8-22af-4ae6-adc7-e1bf95e12f9f" testListId="8c84fa94-04c1-424b-9868-57a2d4851a1d" />
    <TestEntry testId="19794c59-0436-47aa-b1c8-0fad85008dab" executionId="7b793c2f-df91-467a-850f-9f6dc07bc861" testListId="8c84fa94-04c1-424b-9868-57a2d4851a1d" />
    <TestEntry testId="2d9ccd84-a9da-4bc9-a2c6-2343f8062d3f" executionId="19764b80-5903-4bc3-a8d8-b60d8f516820" testListId="8c84fa94-04c1-424b-9868-57a2d4851a1d" />
    <TestEntry testId="0b757c5b-e4d3-4be3-9ee6-3a93239cacfa" executionId="23575bfa-4788-4ce2-8415-96f31e160ae6" testListId="8c84fa94-04c1-424b-9868-57a2d4851a1d" />
    <TestEntry testId="134b7a6a-f2e2-456c-aa0f-b5c526bc5e8c" executionId="73ce18e3-e191-43ae-b5bb-931910e5525f" testListId="8c84fa94-04c1-424b-9868-57a2d4851a1d" />
    <TestEntry testId="40569401-64fb-4c03-a488-fe387ceced28" executionId="b1f0db69-aca9-43ea-b075-06875787539d" testListId="8c84fa94-04c1-424b-9868-57a2d4851a1d" />
    <TestEntry testId="5d55a009-e751-4c32-8e3f-e1700337d1c7" executionId="e085c89d-98d8-4eb9-a397-609b22633adb" testListId="8c84fa94-04c1-424b-9868-57a2d4851a1d" />
    <TestEntry testId="a92e924f-de36-4c7c-937a-20b6e9043df8" executionId="39267fa2-9726-4e37-9332-e6271bfef2a2" testListId="8c84fa94-04c1-424b-9868-57a2d4851a1d" />
    <TestEntry testId="fd5ede6d-02dc-45aa-a6e4-346c94f80611" executionId="fd1cdb74-3475-41bd-881a-0ef5be21a903" testListId="8c84fa94-04c1-424b-9868-57a2d4851a1d" />
    <TestEntry testId="9161457d-d591-4df6-a34d-6c489dae15a0" executionId="a35c63fb-c098-45d2-9749-33dbb4e1b385" testListId="8c84fa94-04c1-424b-9868-57a2d4851a1d" />
    <TestEntry testId="ffff32d0-fba5-4a79-a1da-0bc992212ee4" executionId="1a5b0c1e-6d3c-4055-b65e-bb579665e569" testListId="8c84fa94-04c1-424b-9868-57a2d4851a1d" />
    <TestEntry testId="6f79ca81-86b7-43f5-8b25-0512e55b223d" executionId="bb2dc546-5f31-44e3-b90b-f0e7a963d552" testListId="8c84fa94-04c1-424b-9868-57a2d4851a1d" />
  </TestEntries>
  <TestLists>
    <TestList name="Results Not in a List" id="8c84fa94-04c1-424b-9868-57a2d4851a1d" />
    <TestList name="All Loaded Results" id="19431567-8539-422a-85d7-44ee4e166bda" />
  </TestLists>
  <ResultSummary outcome="Completed">
    <Counters total="13" executed="13" passed="13" failed="0" error="0" timeout="0" aborted="0" inconclusive="0" passedButRunAborted="0" notRunnable="0" notExecuted="0" disconnected="0" warning="0" completed="0" inProgress="0" pending="0" />
    <Output>
      <StdOut>[xUnit.net 00:00:00.6011850]   Discovering: YoloDev.AspNetCore.Assets.Test[xUnit.net 00:00:00.6710680]   Discovered:  YoloDev.AspNetCore.Assets.Test[xUnit.net 00:00:00.6779250]   Starting:    YoloDev.AspNetCore.Assets.Test[xUnit.net 00:00:01.2601640]   Finished:    YoloDev.AspNetCore.Assets.Test</StdOut>
    </Output>
  </ResultSummary>
</TestRun>