<?xml version="1.0" encoding="UTF-8"?>
<TestRun id="47f8c4fe-dc21-4c0f-aeae-593672a15a27" name="@osl-m-alhe 2018-03-28 11:38:47" xmlns="http://microsoft.com/schemas/VisualStudio/TeamTest/2010">
  <Times creation="2018-03-28T11:38:47.1904700+02:00" queuing="2018-03-28T11:38:47.1904870+02:00" start="2018-03-28T11:38:45.1691850+02:00" finish="2018-03-28T11:38:47.4322690+02:00" />
  <TestSettings name="default" id="d6a0fca0-caad-49fc-86d3-e867c6400419">
    <Deployment runDeploymentRoot="_osl-m-alhe_2018-03-28_11_38_47" />
  </TestSettings>
  <Results>
    <UnitTestResult executionId="ecb4e0c0-f404-4abd-9d9d-2afca3bbe96f" testId="bbca9238-a53d-4a38-b01d-98d7aa445806" testName="YoloDev.AspNetCore.Assets.Test.AssetPathNormalizerTest.ReturnsLowerCaseVariantOfPath" computerName="osl-m-alhe" duration="00:00:00.0170000" startTime="2018-03-28T11:38:46.8424760+02:00" endTime="2018-03-28T11:38:46.8424820+02:00" testType="13cdc9d9-ddb5-4fa4-a97d-d965ccfc6d4b" outcome="Passed" testListId="8c84fa94-04c1-424b-9868-57a2d4851a1d" relativeResultsDirectory="ecb4e0c0-f404-4abd-9d9d-2afca3bbe96f" />
    <UnitTestResult executionId="e5440f4e-59d6-4116-97b4-32ba321ab8da" testId="c1de45d9-c71f-484c-9ec7-978363a4bc83" testName="YoloDev.AspNetCore.Assets.Test.AssetManifestTest.ResolveReturnsAssetPathIfFound" computerName="osl-m-alhe" duration="00:00:00.0330000" startTime="2018-03-28T11:38:46.8560940+02:00" endTime="2018-03-28T11:38:46.8560980+02:00" testType="13cdc9d9-ddb5-4fa4-a97d-d965ccfc6d4b" outcome="Passed" testListId="8c84fa94-04c1-424b-9868-57a2d4851a1d" relativeResultsDirectory="e5440f4e-59d6-4116-97b4-32ba321ab8da" />
    <UnitTestResult executionId="c1c09304-83ee-4c91-bc89-32279ac443ec" testId="4a1a5769-bb1c-458a-bef9-6d8ffabcc016" testName="YoloDev.AspNetCore.Assets.Test.AssetManifestTest.ConstructorThrowsIfDictIsNull" computerName="osl-m-alhe" duration="00:00:00.0030000" startTime="2018-03-28T11:38:46.8563680+02:00" endTime="2018-03-28T11:38:46.8563700+02:00" testType="13cdc9d9-ddb5-4fa4-a97d-d965ccfc6d4b" outcome="Passed" testListId="8c84fa94-04c1-424b-9868-57a2d4851a1d" relativeResultsDirectory="c1c09304-83ee-4c91-bc89-32279ac443ec" />
    <UnitTestResult executionId="ef9135b6-fb2b-433e-9917-9079528cc7a2" testId="ccacb73a-98a0-4eba-80b4-b0d1222b8530" testName="YoloDev.AspNetCore.Assets.Test.AssetManifestTest.ConstructorThrowsIfDirIsNull" computerName="osl-m-alhe" duration="00:00:00.0010000" startTime="2018-03-28T11:38:46.8564620+02:00" endTime="2018-03-28T11:38:46.8564630+02:00" testType="13cdc9d9-ddb5-4fa4-a97d-d965ccfc6d4b" outcome="Passed" testListId="8c84fa94-04c1-424b-9868-57a2d4851a1d" relativeResultsDirectory="ef9135b6-fb2b-433e-9917-9079528cc7a2" />
    <UnitTestResult executionId="b9ef130e-e4d3-4927-9428-3547ce79692a" testId="3639f99c-410e-43c7-b6ff-51c2deb07d16" testName="YoloDev.AspNetCore.Assets.Test.AssetManifestTest.ResolveReturnsInputIfAssetIsNotFound" computerName="osl-m-alhe" duration="00:00:00.0010000" startTime="2018-03-28T11:38:46.8565480+02:00" endTime="2018-03-28T11:38:46.8565490+02:00" testType="13cdc9d9-ddb5-4fa4-a97d-d965ccfc6d4b" outcome="Passed" testListId="8c84fa94-04c1-424b-9868-57a2d4851a1d" relativeResultsDirectory="b9ef130e-e4d3-4927-9428-3547ce79692a" />
    <UnitTestResult executionId="0c8742da-969c-453f-848c-fa045cf590e5" testId="ec188515-d37c-4ea4-be5c-4043f474e496" testName="YoloDev.AspNetCore.Assets.Test.AssetManifestTest.DirReturnsDirInput" computerName="osl-m-alhe" duration="00:00:00.0010000" startTime="2018-03-28T11:38:46.8566280+02:00" endTime="2018-03-28T11:38:46.8566300+02:00" testType="13cdc9d9-ddb5-4fa4-a97d-d965ccfc6d4b" outcome="Passed" testListId="8c84fa94-04c1-424b-9868-57a2d4851a1d" relativeResultsDirectory="0c8742da-969c-453f-848c-fa045cf590e5" />
    <UnitTestResult executionId="18c632bc-37d7-40f1-bca8-a56c6c14a5de" testId="fab89643-2406-4c1f-8de8-6ebf3a530f80" testName="YoloDev.AspNetCore.Assets.Test.AssetManifestCacheTest.ConstructorThrowsIfReaderIsNull" computerName="osl-m-alhe" duration="00:00:00.2690000" startTime="2018-03-28T11:38:47.0814240+02:00" endTime="2018-03-28T11:38:47.0814300+02:00" testType="13cdc9d9-ddb5-4fa4-a97d-d965ccfc6d4b" outcome="Passed" testListId="8c84fa94-04c1-424b-9868-57a2d4851a1d" relativeResultsDirectory="18c632bc-37d7-40f1-bca8-a56c6c14a5de" />
    <UnitTestResult executionId="a032c1d0-1e04-4313-8781-2ce01aa9eed9" testId="3f9d05c1-0834-4268-91f9-a1768a6c5ef1" testName="YoloDev.AspNetCore.Assets.Test.AssetManifestCacheTest.ConstructorThrowsIfStreamProviderIsNull" computerName="osl-m-alhe" duration="00:00:00.0170000" startTime="2018-03-28T11:38:47.1511960+02:00" endTime="2018-03-28T11:38:47.1511990+02:00" testType="13cdc9d9-ddb5-4fa4-a97d-d965ccfc6d4b" outcome="Passed" testListId="8c84fa94-04c1-424b-9868-57a2d4851a1d" relativeResultsDirectory="a032c1d0-1e04-4313-8781-2ce01aa9eed9" />
    <UnitTestResult executionId="bbca6634-3217-4ee0-bdcf-903943772609" testId="e076d1df-660b-4e89-af1f-74ea3a71a3c5" testName="YoloDev.AspNetCore.Assets.Test.FunctionalTest.NoManifestTests" computerName="osl-m-alhe" duration="00:00:00.3870000" startTime="2018-03-28T11:38:47.2325430+02:00" endTime="2018-03-28T11:38:47.2325480+02:00" testType="13cdc9d9-ddb5-4fa4-a97d-d965ccfc6d4b" outcome="Passed" testListId="8c84fa94-04c1-424b-9868-57a2d4851a1d" relativeResultsDirectory="bbca6634-3217-4ee0-bdcf-903943772609" />
    <UnitTestResult executionId="672c8602-91ba-4280-830e-f1aa44c4516f" testId="570d294c-1e9d-4060-a5d0-055ec770896c" testName="YoloDev.AspNetCore.Assets.Test.AssetManifestCacheTest.CachesTheManifests" computerName="osl-m-alhe" duration="00:00:00.1600000" startTime="2018-03-28T11:38:47.2584530+02:00" endTime="2018-03-28T11:38:47.2584570+02:00" testType="13cdc9d9-ddb5-4fa4-a97d-d965ccfc6d4b" outcome="Passed" testListId="8c84fa94-04c1-424b-9868-57a2d4851a1d" relativeResultsDirectory="672c8602-91ba-4280-830e-f1aa44c4516f" />
    <UnitTestResult executionId="b1d806b5-f776-414c-8b1e-ca59d67a719e" testId="96c14ead-d000-4144-8818-715736c02f12" testName="YoloDev.AspNetCore.Assets.Test.TagHelperTest.ProcessAsync_GeneratesExpectedOutput" computerName="osl-m-alhe" duration="00:00:00.4630000" startTime="2018-03-28T11:38:47.2748620+02:00" endTime="2018-03-28T11:38:47.2748660+02:00" testType="13cdc9d9-ddb5-4fa4-a97d-d965ccfc6d4b" outcome="Passed" testListId="8c84fa94-04c1-424b-9868-57a2d4851a1d" relativeResultsDirectory="b1d806b5-f776-414c-8b1e-ca59d67a719e" />
    <UnitTestResult executionId="2eea3dde-f178-4eb1-a2c6-7579f3115f74" testId="83458d85-39f4-4b0e-adde-a0bf75090033" testName="YoloDev.AspNetCore.Assets.Test.FunctionalTest.WithNestedManifestsTests" computerName="osl-m-alhe" duration="00:00:00.0440000" startTime="2018-03-28T11:38:47.2767530+02:00" endTime="2018-03-28T11:38:47.2767550+02:00" testType="13cdc9d9-ddb5-4fa4-a97d-d965ccfc6d4b" outcome="Passed" testListId="8c84fa94-04c1-424b-9868-57a2d4851a1d" relativeResultsDirectory="2eea3dde-f178-4eb1-a2c6-7579f3115f74" />
    <UnitTestResult executionId="46076705-8572-412a-a562-bbe39db17ac0" testId="a36f7e46-0de5-4233-b880-70c3dccba9a4" testName="YoloDev.AspNetCore.Assets.Test.FunctionalTest.WithManifestTests" computerName="osl-m-alhe" duration="00:00:00.0060000" startTime="2018-03-28T11:38:47.2830260+02:00" endTime="2018-03-28T11:38:47.2830280+02:00" testType="13cdc9d9-ddb5-4fa4-a97d-d965ccfc6d4b" outcome="Passed" testListId="8c84fa94-04c1-424b-9868-57a2d4851a1d" relativeResultsDirectory="46076705-8572-412a-a562-bbe39db17ac0" />
  </Results>
  <TestDefinitions>
    <UnitTest name="YoloDev.AspNetCore.Assets.Test.AssetPathNormalizerTest.ReturnsLowerCaseVariantOfPath" storage="/users/alxandr/hub/yolodev.aspnetcore.assets/test/yolodev.aspnetcore.assets.test/bin/debug/netcoreapp2.0/yolodev.aspnetcore.assets.test.dll" id="bbca9238-a53d-4a38-b01d-98d7aa445806">
      <Execution id="ecb4e0c0-f404-4abd-9d9d-2afca3bbe96f" />
      <TestMethod codeBase="/Users/alxandr/hub/YoloDev.AspNetCore.Assets/test/YoloDev.AspNetCore.Assets.Test/bin/Debug/netcoreapp2.0/YoloDev.AspNetCore.Assets.Test.dll" executorUriOfAdapter="executor://xunit/VsTestRunner2/netcoreapp" className="YoloDev.AspNetCore.Assets.Test.AssetPathNormalizerTest" name="YoloDev.AspNetCore.Assets.Test.AssetPathNormalizerTest.ReturnsLowerCaseVariantOfPath" />
    </UnitTest>
    <UnitTest name="YoloDev.AspNetCore.Assets.Test.AssetManifestTest.ResolveReturnsAssetPathIfFound" storage="/users/alxandr/hub/yolodev.aspnetcore.assets/test/yolodev.aspnetcore.assets.test/bin/debug/netcoreapp2.0/yolodev.aspnetcore.assets.test.dll" id="c1de45d9-c71f-484c-9ec7-978363a4bc83">
      <Execution id="e5440f4e-59d6-4116-97b4-32ba321ab8da" />
      <TestMethod codeBase="/Users/alxandr/hub/YoloDev.AspNetCore.Assets/test/YoloDev.AspNetCore.Assets.Test/bin/Debug/netcoreapp2.0/YoloDev.AspNetCore.Assets.Test.dll" executorUriOfAdapter="executor://xunit/VsTestRunner2/netcoreapp" className="YoloDev.AspNetCore.Assets.Test.AssetManifestTest" name="YoloDev.AspNetCore.Assets.Test.AssetManifestTest.ResolveReturnsAssetPathIfFound" />
    </UnitTest>
    <UnitTest name="YoloDev.AspNetCore.Assets.Test.AssetManifestTest.ConstructorThrowsIfDictIsNull" storage="/users/alxandr/hub/yolodev.aspnetcore.assets/test/yolodev.aspnetcore.assets.test/bin/debug/netcoreapp2.0/yolodev.aspnetcore.assets.test.dll" id="4a1a5769-bb1c-458a-bef9-6d8ffabcc016">
      <Execution id="c1c09304-83ee-4c91-bc89-32279ac443ec" />
      <TestMethod codeBase="/Users/alxandr/hub/YoloDev.AspNetCore.Assets/test/YoloDev.AspNetCore.Assets.Test/bin/Debug/netcoreapp2.0/YoloDev.AspNetCore.Assets.Test.dll" executorUriOfAdapter="executor://xunit/VsTestRunner2/netcoreapp" className="YoloDev.AspNetCore.Assets.Test.AssetManifestTest" name="YoloDev.AspNetCore.Assets.Test.AssetManifestTest.ConstructorThrowsIfDictIsNull" />
    </UnitTest>
    <UnitTest name="YoloDev.AspNetCore.Assets.Test.AssetManifestTest.ConstructorThrowsIfDirIsNull" storage="/users/alxandr/hub/yolodev.aspnetcore.assets/test/yolodev.aspnetcore.assets.test/bin/debug/netcoreapp2.0/yolodev.aspnetcore.assets.test.dll" id="ccacb73a-98a0-4eba-80b4-b0d1222b8530">
      <Execution id="ef9135b6-fb2b-433e-9917-9079528cc7a2" />
      <TestMethod codeBase="/Users/alxandr/hub/YoloDev.AspNetCore.Assets/test/YoloDev.AspNetCore.Assets.Test/bin/Debug/netcoreapp2.0/YoloDev.AspNetCore.Assets.Test.dll" executorUriOfAdapter="executor://xunit/VsTestRunner2/netcoreapp" className="YoloDev.AspNetCore.Assets.Test.AssetManifestTest" name="YoloDev.AspNetCore.Assets.Test.AssetManifestTest.ConstructorThrowsIfDirIsNull" />
    </UnitTest>
    <UnitTest name="YoloDev.AspNetCore.Assets.Test.AssetManifestTest.ResolveReturnsInputIfAssetIsNotFound" storage="/users/alxandr/hub/yolodev.aspnetcore.assets/test/yolodev.aspnetcore.assets.test/bin/debug/netcoreapp2.0/yolodev.aspnetcore.assets.test.dll" id="3639f99c-410e-43c7-b6ff-51c2deb07d16">
      <Execution id="b9ef130e-e4d3-4927-9428-3547ce79692a" />
      <TestMethod codeBase="/Users/alxandr/hub/YoloDev.AspNetCore.Assets/test/YoloDev.AspNetCore.Assets.Test/bin/Debug/netcoreapp2.0/YoloDev.AspNetCore.Assets.Test.dll" executorUriOfAdapter="executor://xunit/VsTestRunner2/netcoreapp" className="YoloDev.AspNetCore.Assets.Test.AssetManifestTest" name="YoloDev.AspNetCore.Assets.Test.AssetManifestTest.ResolveReturnsInputIfAssetIsNotFound" />
    </UnitTest>
    <UnitTest name="YoloDev.AspNetCore.Assets.Test.AssetManifestTest.DirReturnsDirInput" storage="/users/alxandr/hub/yolodev.aspnetcore.assets/test/yolodev.aspnetcore.assets.test/bin/debug/netcoreapp2.0/yolodev.aspnetcore.assets.test.dll" id="ec188515-d37c-4ea4-be5c-4043f474e496">
      <Execution id="0c8742da-969c-453f-848c-fa045cf590e5" />
      <TestMethod codeBase="/Users/alxandr/hub/YoloDev.AspNetCore.Assets/test/YoloDev.AspNetCore.Assets.Test/bin/Debug/netcoreapp2.0/YoloDev.AspNetCore.Assets.Test.dll" executorUriOfAdapter="executor://xunit/VsTestRunner2/netcoreapp" className="YoloDev.AspNetCore.Assets.Test.AssetManifestTest" name="YoloDev.AspNetCore.Assets.Test.AssetManifestTest.DirReturnsDirInput" />
    </UnitTest>
    <UnitTest name="YoloDev.AspNetCore.Assets.Test.AssetManifestCacheTest.ConstructorThrowsIfReaderIsNull" storage="/users/alxandr/hub/yolodev.aspnetcore.assets/test/yolodev.aspnetcore.assets.test/bin/debug/netcoreapp2.0/yolodev.aspnetcore.assets.test.dll" id="fab89643-2406-4c1f-8de8-6ebf3a530f80">
      <Execution id="18c632bc-37d7-40f1-bca8-a56c6c14a5de" />
      <TestMethod codeBase="/Users/alxandr/hub/YoloDev.AspNetCore.Assets/test/YoloDev.AspNetCore.Assets.Test/bin/Debug/netcoreapp2.0/YoloDev.AspNetCore.Assets.Test.dll" executorUriOfAdapter="executor://xunit/VsTestRunner2/netcoreapp" className="YoloDev.AspNetCore.Assets.Test.AssetManifestCacheTest" name="YoloDev.AspNetCore.Assets.Test.AssetManifestCacheTest.ConstructorThrowsIfReaderIsNull" />
    </UnitTest>
    <UnitTest name="YoloDev.AspNetCore.Assets.Test.AssetManifestCacheTest.ConstructorThrowsIfStreamProviderIsNull" storage="/users/alxandr/hub/yolodev.aspnetcore.assets/test/yolodev.aspnetcore.assets.test/bin/debug/netcoreapp2.0/yolodev.aspnetcore.assets.test.dll" id="3f9d05c1-0834-4268-91f9-a1768a6c5ef1">
      <Execution id="a032c1d0-1e04-4313-8781-2ce01aa9eed9" />
      <TestMethod codeBase="/Users/alxandr/hub/YoloDev.AspNetCore.Assets/test/YoloDev.AspNetCore.Assets.Test/bin/Debug/netcoreapp2.0/YoloDev.AspNetCore.Assets.Test.dll" executorUriOfAdapter="executor://xunit/VsTestRunner2/netcoreapp" className="YoloDev.AspNetCore.Assets.Test.AssetManifestCacheTest" name="YoloDev.AspNetCore.Assets.Test.AssetManifestCacheTest.ConstructorThrowsIfStreamProviderIsNull" />
    </UnitTest>
    <UnitTest name="YoloDev.AspNetCore.Assets.Test.FunctionalTest.NoManifestTests" storage="/users/alxandr/hub/yolodev.aspnetcore.assets/test/yolodev.aspnetcore.assets.test/bin/debug/netcoreapp2.0/yolodev.aspnetcore.assets.test.dll" id="e076d1df-660b-4e89-af1f-74ea3a71a3c5">
      <Execution id="bbca6634-3217-4ee0-bdcf-903943772609" />
      <TestMethod codeBase="/Users/alxandr/hub/YoloDev.AspNetCore.Assets/test/YoloDev.AspNetCore.Assets.Test/bin/Debug/netcoreapp2.0/YoloDev.AspNetCore.Assets.Test.dll" executorUriOfAdapter="executor://xunit/VsTestRunner2/netcoreapp" className="YoloDev.AspNetCore.Assets.Test.FunctionalTest" name="YoloDev.AspNetCore.Assets.Test.FunctionalTest.NoManifestTests" />
    </UnitTest>
    <UnitTest name="YoloDev.AspNetCore.Assets.Test.AssetManifestCacheTest.CachesTheManifests" storage="/users/alxandr/hub/yolodev.aspnetcore.assets/test/yolodev.aspnetcore.assets.test/bin/debug/netcoreapp2.0/yolodev.aspnetcore.assets.test.dll" id="570d294c-1e9d-4060-a5d0-055ec770896c">
      <Execution id="672c8602-91ba-4280-830e-f1aa44c4516f" />
      <TestMethod codeBase="/Users/alxandr/hub/YoloDev.AspNetCore.Assets/test/YoloDev.AspNetCore.Assets.Test/bin/Debug/netcoreapp2.0/YoloDev.AspNetCore.Assets.Test.dll" executorUriOfAdapter="executor://xunit/VsTestRunner2/netcoreapp" className="YoloDev.AspNetCore.Assets.Test.AssetManifestCacheTest" name="YoloDev.AspNetCore.Assets.Test.AssetManifestCacheTest.CachesTheManifests" />
    </UnitTest>
    <UnitTest name="YoloDev.AspNetCore.Assets.Test.TagHelperTest.ProcessAsync_GeneratesExpectedOutput" storage="/users/alxandr/hub/yolodev.aspnetcore.assets/test/yolodev.aspnetcore.assets.test/bin/debug/netcoreapp2.0/yolodev.aspnetcore.assets.test.dll" id="96c14ead-d000-4144-8818-715736c02f12">
      <Execution id="b1d806b5-f776-414c-8b1e-ca59d67a719e" />
      <TestMethod codeBase="/Users/alxandr/hub/YoloDev.AspNetCore.Assets/test/YoloDev.AspNetCore.Assets.Test/bin/Debug/netcoreapp2.0/YoloDev.AspNetCore.Assets.Test.dll" executorUriOfAdapter="executor://xunit/VsTestRunner2/netcoreapp" className="YoloDev.AspNetCore.Assets.Test.TagHelperTest" name="YoloDev.AspNetCore.Assets.Test.TagHelperTest.ProcessAsync_GeneratesExpectedOutput" />
    </UnitTest>
    <UnitTest name="YoloDev.AspNetCore.Assets.Test.FunctionalTest.WithNestedManifestsTests" storage="/users/alxandr/hub/yolodev.aspnetcore.assets/test/yolodev.aspnetcore.assets.test/bin/debug/netcoreapp2.0/yolodev.aspnetcore.assets.test.dll" id="83458d85-39f4-4b0e-adde-a0bf75090033">
      <Execution id="2eea3dde-f178-4eb1-a2c6-7579f3115f74" />
      <TestMethod codeBase="/Users/alxandr/hub/YoloDev.AspNetCore.Assets/test/YoloDev.AspNetCore.Assets.Test/bin/Debug/netcoreapp2.0/YoloDev.AspNetCore.Assets.Test.dll" executorUriOfAdapter="executor://xunit/VsTestRunner2/netcoreapp" className="YoloDev.AspNetCore.Assets.Test.FunctionalTest" name="YoloDev.AspNetCore.Assets.Test.FunctionalTest.WithNestedManifestsTests" />
    </UnitTest>
    <UnitTest name="YoloDev.AspNetCore.Assets.Test.FunctionalTest.WithManifestTests" storage="/users/alxandr/hub/yolodev.aspnetcore.assets/test/yolodev.aspnetcore.assets.test/bin/debug/netcoreapp2.0/yolodev.aspnetcore.assets.test.dll" id="a36f7e46-0de5-4233-b880-70c3dccba9a4">
      <Execution id="46076705-8572-412a-a562-bbe39db17ac0" />
      <TestMethod codeBase="/Users/alxandr/hub/YoloDev.AspNetCore.Assets/test/YoloDev.AspNetCore.Assets.Test/bin/Debug/netcoreapp2.0/YoloDev.AspNetCore.Assets.Test.dll" executorUriOfAdapter="executor://xunit/VsTestRunner2/netcoreapp" className="YoloDev.AspNetCore.Assets.Test.FunctionalTest" name="YoloDev.AspNetCore.Assets.Test.FunctionalTest.WithManifestTests" />
    </UnitTest>
  </TestDefinitions>
  <TestEntries>
    <TestEntry testId="bbca9238-a53d-4a38-b01d-98d7aa445806" executionId="ecb4e0c0-f404-4abd-9d9d-2afca3bbe96f" testListId="8c84fa94-04c1-424b-9868-57a2d4851a1d" />
    <TestEntry testId="c1de45d9-c71f-484c-9ec7-978363a4bc83" executionId="e5440f4e-59d6-4116-97b4-32ba321ab8da" testListId="8c84fa94-04c1-424b-9868-57a2d4851a1d" />
    <TestEntry testId="4a1a5769-bb1c-458a-bef9-6d8ffabcc016" executionId="c1c09304-83ee-4c91-bc89-32279ac443ec" testListId="8c84fa94-04c1-424b-9868-57a2d4851a1d" />
    <TestEntry testId="ccacb73a-98a0-4eba-80b4-b0d1222b8530" executionId="ef9135b6-fb2b-433e-9917-9079528cc7a2" testListId="8c84fa94-04c1-424b-9868-57a2d4851a1d" />
    <TestEntry testId="3639f99c-410e-43c7-b6ff-51c2deb07d16" executionId="b9ef130e-e4d3-4927-9428-3547ce79692a" testListId="8c84fa94-04c1-424b-9868-57a2d4851a1d" />
    <TestEntry testId="ec188515-d37c-4ea4-be5c-4043f474e496" executionId="0c8742da-969c-453f-848c-fa045cf590e5" testListId="8c84fa94-04c1-424b-9868-57a2d4851a1d" />
    <TestEntry testId="fab89643-2406-4c1f-8de8-6ebf3a530f80" executionId="18c632bc-37d7-40f1-bca8-a56c6c14a5de" testListId="8c84fa94-04c1-424b-9868-57a2d4851a1d" />
    <TestEntry testId="3f9d05c1-0834-4268-91f9-a1768a6c5ef1" executionId="a032c1d0-1e04-4313-8781-2ce01aa9eed9" testListId="8c84fa94-04c1-424b-9868-57a2d4851a1d" />
    <TestEntry testId="e076d1df-660b-4e89-af1f-74ea3a71a3c5" executionId="bbca6634-3217-4ee0-bdcf-903943772609" testListId="8c84fa94-04c1-424b-9868-57a2d4851a1d" />
    <TestEntry testId="570d294c-1e9d-4060-a5d0-055ec770896c" executionId="672c8602-91ba-4280-830e-f1aa44c4516f" testListId="8c84fa94-04c1-424b-9868-57a2d4851a1d" />
    <TestEntry testId="96c14ead-d000-4144-8818-715736c02f12" executionId="b1d806b5-f776-414c-8b1e-ca59d67a719e" testListId="8c84fa94-04c1-424b-9868-57a2d4851a1d" />
    <TestEntry testId="83458d85-39f4-4b0e-adde-a0bf75090033" executionId="2eea3dde-f178-4eb1-a2c6-7579f3115f74" testListId="8c84fa94-04c1-424b-9868-57a2d4851a1d" />
    <TestEntry testId="a36f7e46-0de5-4233-b880-70c3dccba9a4" executionId="46076705-8572-412a-a562-bbe39db17ac0" testListId="8c84fa94-04c1-424b-9868-57a2d4851a1d" />
  </TestEntries>
  <TestLists>
    <TestList name="Results Not in a List" id="8c84fa94-04c1-424b-9868-57a2d4851a1d" />
    <TestList name="All Loaded Results" id="19431567-8539-422a-85d7-44ee4e166bda" />
  </TestLists>
  <ResultSummary outcome="Completed">
    <Counters total="13" executed="13" passed="13" failed="0" error="0" timeout="0" aborted="0" inconclusive="0" passedButRunAborted="0" notRunnable="0" notExecuted="0" disconnected="0" warning="0" completed="0" inProgress="0" pending="0" />
    <Output>
      <StdOut>[xUnit.net 00:00:00.5916980]   Discovering: YoloDev.AspNetCore.Assets.Test[xUnit.net 00:00:00.6647960]   Discovered:  YoloDev.AspNetCore.Assets.Test[xUnit.net 00:00:00.6726620]   Starting:    YoloDev.AspNetCore.Assets.Test[xUnit.net 00:00:01.2903250]   Finished:    YoloDev.AspNetCore.Assets.Test</StdOut>
    </Output>
  </ResultSummary>
</TestRun>